// Jest Snapshot v1, https://goo.gl/fbAQLP

exports[`toDiffString outputs custom colors and symbols 1`] = `
"[36m%{[0m
[36m%  "id": 123,[0m
[31m#  "name": "Alice",[0m
[33m$  "name": "Alice Johnson",[0m
[36m%  "email": "alice@example.com",[0m
[31m#  "password": "*****",[0m
[33m$  "password": "*****",[0m
[36m%  "preferences": {[0m
[31m#    "theme": "dark",[0m
[33m$    "theme": "light",[0m
[31m#    "notifications": true,[0m
[33m$    "notifications": false,[0m
[36m%    "layout": [[0m
[31m#      0: "grid",[0m
[33m$      0: "list",[0m
[31m#      1: "compact",[0m
[36m%    ],[0m
[32m@    "newFeature": true,[0m
[36m%  },[0m
[36m%  "metadata": Map (4) {[0m
[31m#    {"complex":"key"}: "value",[0m
[33m$    {"complex":"key"}: "newValue",[0m
[31m#    "role": "admin",[0m
[33m$    "role": "user",[0m
[36m%    "permissions": Set [[0m
[36m%      "read",[0m
[31m#      "write",[0m
[36m%      "execute",[0m
[36m%    ],[0m
[32m@    "createdAt": 1709294400000,[0m
[36m%  },[0m
[36m%  "tags": Set [[0m
[36m%    "user",[0m
[31m#    "active",[0m
[32m@    "inactive",[0m
[32m@    "premium",[0m
[36m%  ],[0m
[31m#  "lastLogin": 1709294400000,[0m
[33m$  "lastLogin": 1711096200000,[0m
[36m%  "custom": {[0m
[31m#    "key": "value",[0m
[33m$    "key": "modified",[0m
[36m%  },[0m
[36m%  "emptyArray": [[0m
[32m@    0: "unexpected",[0m
[36m%  ],[0m
[36m%  "emptyObject": {[0m
[32m@    "newKey": "new",[0m
[36m%  },[0m
[36m%  "nestedEmpty": {[0m
[36m%    "a": {[0m
[32m@      "b": "value",[0m
[36m%    },[0m
[36m%  },[0m
[36m%  "self": {[0m
[36m%    "id": 123,[0m
[31m#    "name": "Alice",[0m
[33m$    "name": "Alice Johnson",[0m
[36m%    "email": "alice@example.com",[0m
[31m#    "password": "*****",[0m
[33m$    "password": "*****",[0m
[36m%    "preferences": {[0m
[31m#      "theme": "dark",[0m
[33m$      "theme": "light",[0m
[31m#      "notifications": true,[0m
[33m$      "notifications": false,[0m
[36m%      "layout": [[0m
[31m#        0: "grid",[0m
[33m$        0: "list",[0m
[31m#        1: "compact",[0m
[36m%      ],[0m
[32m@      "newFeature": true,[0m
[36m%    },[0m
[36m%    "metadata": Map (4) {[0m
[31m#      {"complex":"key"}: "value",[0m
[33m$      {"complex":"key"}: "newValue",[0m
[31m#      "role": "admin",[0m
[33m$      "role": "user",[0m
[36m%      "permissions": Set [[0m
[36m%        "read",[0m
[31m#        "write",[0m
[36m%        "execute",[0m
[36m%      ],[0m
[32m@      "createdAt": 1709294400000,[0m
[36m%    },[0m
[36m%    "tags": Set [[0m
[36m%      "user",[0m
[31m#      "active",[0m
[32m@      "inactive",[0m
[32m@      "premium",[0m
[36m%    ],[0m
[31m#    "lastLogin": 1709294400000,[0m
[33m$    "lastLogin": 1711096200000,[0m
[36m%    "custom": {[0m
[31m#      "key": "value",[0m
[33m$      "key": "modified",[0m
[36m%    },[0m
[36m%    "emptyArray": [[0m
[32m@      0: "unexpected",[0m
[36m%    ],[0m
[36m%    "emptyObject": {[0m
[32m@      "newKey": "new",[0m
[36m%    },[0m
[36m%    "nestedEmpty": {[0m
[36m%      "a": {[0m
[32m@        "b": "value",[0m
[36m%      },[0m
[36m%    },[0m
[36m%    "self": [Circular],[0m
[32m@    "newProp": "New Value",[0m
[36m%  },[0m
[32m@  "newProp": "New Value",[0m
[36m%}[0m"
`;

exports[`toDiffString outputs empty wrapper strings if missing 1`] = `
"{[0m
   "id": 123,[0m
[31m-  "name": "Alice",[0m
[33m!  "name": "Alice Johnson",[0m
   "email": "alice@example.com",[0m
[31m-  "password": "*****",[0m
[33m!  "password": "*****",[0m
   "preferences": {[0m
[31m-    "theme": "dark",[0m
[33m!    "theme": "light",[0m
[31m-    "notifications": true,[0m
[33m!    "notifications": false,[0m
     "layout": [[0m
[31m-      0: "grid",[0m
[33m!      0: "list",[0m
[31m-      1: "compact",[0m
     ],[0m
[32m+    "newFeature": true,[0m
   },[0m
   "metadata": Map (4) {[0m
[31m-    {"complex":"key"}: "value",[0m
[33m!    {"complex":"key"}: "newValue",[0m
[31m-    "role": "admin",[0m
[33m!    "role": "user",[0m
     "permissions": Set [[0m
       "read",[0m
[31m-      "write",[0m
       "execute",[0m
     ],[0m
[32m+    "createdAt": 1709294400000,[0m
   },[0m
   "tags": Set [[0m
     "user",[0m
[31m-    "active",[0m
[32m+    "inactive",[0m
[32m+    "premium",[0m
   ],[0m
[31m-  "lastLogin": 1709294400000,[0m
[33m!  "lastLogin": 1711096200000,[0m
   "custom": {[0m
[31m-    "key": "value",[0m
[33m!    "key": "modified",[0m
   },[0m
   "emptyArray": [[0m
[32m+    0: "unexpected",[0m
   ],[0m
   "emptyObject": {[0m
[32m+    "newKey": "new",[0m
   },[0m
   "nestedEmpty": {[0m
     "a": {[0m
[32m+      "b": "value",[0m
     },[0m
   },[0m
   "self": {[0m
     "id": 123,[0m
[31m-    "name": "Alice",[0m
[33m!    "name": "Alice Johnson",[0m
     "email": "alice@example.com",[0m
[31m-    "password": "*****",[0m
[33m!    "password": "*****",[0m
     "preferences": {[0m
[31m-      "theme": "dark",[0m
[33m!      "theme": "light",[0m
[31m-      "notifications": true,[0m
[33m!      "notifications": false,[0m
       "layout": [[0m
[31m-        0: "grid",[0m
[33m!        0: "list",[0m
[31m-        1: "compact",[0m
       ],[0m
[32m+      "newFeature": true,[0m
     },[0m
     "metadata": Map (4) {[0m
[31m-      {"complex":"key"}: "value",[0m
[33m!      {"complex":"key"}: "newValue",[0m
[31m-      "role": "admin",[0m
[33m!      "role": "user",[0m
       "permissions": Set [[0m
         "read",[0m
[31m-        "write",[0m
         "execute",[0m
       ],[0m
[32m+      "createdAt": 1709294400000,[0m
     },[0m
     "tags": Set [[0m
       "user",[0m
[31m-      "active",[0m
[32m+      "inactive",[0m
[32m+      "premium",[0m
     ],[0m
[31m-    "lastLogin": 1709294400000,[0m
[33m!    "lastLogin": 1711096200000,[0m
     "custom": {[0m
[31m-      "key": "value",[0m
[33m!      "key": "modified",[0m
     },[0m
     "emptyArray": [[0m
[32m+      0: "unexpected",[0m
     ],[0m
     "emptyObject": {[0m
[32m+      "newKey": "new",[0m
     },[0m
     "nestedEmpty": {[0m
       "a": {[0m
[32m+        "b": "value",[0m
       },[0m
     },[0m
     "self": [Circular],[0m
[32m+    "newProp": "New Value",[0m
   },[0m
[32m+  "newProp": "New Value",[0m
}[0m"
`;

exports[`toDiffString outputs empty wrapper strings if missing 2`] = `
"{[0m
   "id": 123,[0m
[31m-  "name": "Alice",[0m
[33m!  "name": "Alice Johnson",[0m
   "email": "alice@example.com",[0m
[31m-  "password": "*****",[0m
[33m!  "password": "*****",[0m
   "preferences": {[0m
[31m-    "theme": "dark",[0m
[33m!    "theme": "light",[0m
[31m-    "notifications": true,[0m
[33m!    "notifications": false,[0m
     "layout": [[0m
[31m-      0: "grid",[0m
[33m!      0: "list",[0m
[31m-      1: "compact",[0m
     ],[0m
[32m+    "newFeature": true,[0m
   },[0m
   "metadata": Map (4) {[0m
[31m-    {"complex":"key"}: "value",[0m
[33m!    {"complex":"key"}: "newValue",[0m
[31m-    "role": "admin",[0m
[33m!    "role": "user",[0m
     "permissions": Set [[0m
       "read",[0m
[31m-      "write",[0m
       "execute",[0m
     ],[0m
[32m+    "createdAt": 1709294400000,[0m
   },[0m
   "tags": Set [[0m
     "user",[0m
[31m-    "active",[0m
[32m+    "inactive",[0m
[32m+    "premium",[0m
   ],[0m
[31m-  "lastLogin": 1709294400000,[0m
[33m!  "lastLogin": 1711096200000,[0m
   "custom": {[0m
[31m-    "key": "value",[0m
[33m!    "key": "modified",[0m
   },[0m
   "emptyArray": [[0m
[32m+    0: "unexpected",[0m
   ],[0m
   "emptyObject": {[0m
[32m+    "newKey": "new",[0m
   },[0m
   "nestedEmpty": {[0m
     "a": {[0m
[32m+      "b": "value",[0m
     },[0m
   },[0m
   "self": {[0m
     "id": 123,[0m
[31m-    "name": "Alice",[0m
[33m!    "name": "Alice Johnson",[0m
     "email": "alice@example.com",[0m
[31m-    "password": "*****",[0m
[33m!    "password": "*****",[0m
     "preferences": {[0m
[31m-      "theme": "dark",[0m
[33m!      "theme": "light",[0m
[31m-      "notifications": true,[0m
[33m!      "notifications": false,[0m
       "layout": [[0m
[31m-        0: "grid",[0m
[33m!        0: "list",[0m
[31m-        1: "compact",[0m
       ],[0m
[32m+      "newFeature": true,[0m
     },[0m
     "metadata": Map (4) {[0m
[31m-      {"complex":"key"}: "value",[0m
[33m!      {"complex":"key"}: "newValue",[0m
[31m-      "role": "admin",[0m
[33m!      "role": "user",[0m
       "permissions": Set [[0m
         "read",[0m
[31m-        "write",[0m
         "execute",[0m
       ],[0m
[32m+      "createdAt": 1709294400000,[0m
     },[0m
     "tags": Set [[0m
       "user",[0m
[31m-      "active",[0m
[32m+      "inactive",[0m
[32m+      "premium",[0m
     ],[0m
[31m-    "lastLogin": 1709294400000,[0m
[33m!    "lastLogin": 1711096200000,[0m
     "custom": {[0m
[31m-      "key": "value",[0m
[33m!      "key": "modified",[0m
     },[0m
     "emptyArray": [[0m
[32m+      0: "unexpected",[0m
     ],[0m
     "emptyObject": {[0m
[32m+      "newKey": "new",[0m
     },[0m
     "nestedEmpty": {[0m
       "a": {[0m
[32m+        "b": "value",[0m
       },[0m
     },[0m
     "self": [Circular],[0m
[32m+    "newProp": "New Value",[0m
   },[0m
[32m+  "newProp": "New Value",[0m
}[0m"
`;

exports[`toDiffString outputs with custom wrapper and indentSize 1`] = `
"\`\`\`diff
{[0m
      "id": 123,[0m
[31m-     "name": "Alice",[0m
[33m!     "name": "Alice Johnson",[0m
      "email": "alice@example.com",[0m
[31m-     "password": "*****",[0m
[33m!     "password": "*****",[0m
      "preferences": {[0m
[31m-          "theme": "dark",[0m
[33m!          "theme": "light",[0m
[31m-          "notifications": true,[0m
[33m!          "notifications": false,[0m
           "layout": [[0m
[31m-               0: "grid",[0m
[33m!               0: "list",[0m
[31m-               1: "compact",[0m
           ],[0m
[32m+          "newFeature": true,[0m
      },[0m
      "metadata": Map (4) {[0m
[31m-          {"complex":"key"}: "value",[0m
[33m!          {"complex":"key"}: "newValue",[0m
[31m-          "role": "admin",[0m
[33m!          "role": "user",[0m
           "permissions": Set [[0m
                "read",[0m
[31m-               "write",[0m
                "execute",[0m
           ],[0m
[32m+          "createdAt": 1709294400000,[0m
      },[0m
      "tags": Set [[0m
           "user",[0m
[31m-          "active",[0m
[32m+          "inactive",[0m
[32m+          "premium",[0m
      ],[0m
[31m-     "lastLogin": 1709294400000,[0m
[33m!     "lastLogin": 1711096200000,[0m
      "custom": {[0m
[31m-          "key": "value",[0m
[33m!          "key": "modified",[0m
      },[0m
      "emptyArray": [[0m
[32m+          0: "unexpected",[0m
      ],[0m
      "emptyObject": {[0m
[32m+          "newKey": "new",[0m
      },[0m
      "nestedEmpty": {[0m
           "a": {[0m
[32m+               "b": "value",[0m
           },[0m
      },[0m
      "self": {[0m
           "id": 123,[0m
[31m-          "name": "Alice",[0m
[33m!          "name": "Alice Johnson",[0m
           "email": "alice@example.com",[0m
[31m-          "password": "*****",[0m
[33m!          "password": "*****",[0m
           "preferences": {[0m
[31m-               "theme": "dark",[0m
[33m!               "theme": "light",[0m
[31m-               "notifications": true,[0m
[33m!               "notifications": false,[0m
                "layout": [[0m
[31m-                    0: "grid",[0m
[33m!                    0: "list",[0m
[31m-                    1: "compact",[0m
                ],[0m
[32m+               "newFeature": true,[0m
           },[0m
           "metadata": Map (4) {[0m
[31m-               {"complex":"key"}: "value",[0m
[33m!               {"complex":"key"}: "newValue",[0m
[31m-               "role": "admin",[0m
[33m!               "role": "user",[0m
                "permissions": Set [[0m
                     "read",[0m
[31m-                    "write",[0m
                     "execute",[0m
                ],[0m
[32m+               "createdAt": 1709294400000,[0m
           },[0m
           "tags": Set [[0m
                "user",[0m
[31m-               "active",[0m
[32m+               "inactive",[0m
[32m+               "premium",[0m
           ],[0m
[31m-          "lastLogin": 1709294400000,[0m
[33m!          "lastLogin": 1711096200000,[0m
           "custom": {[0m
[31m-               "key": "value",[0m
[33m!               "key": "modified",[0m
           },[0m
           "emptyArray": [[0m
[32m+               0: "unexpected",[0m
           ],[0m
           "emptyObject": {[0m
[32m+               "newKey": "new",[0m
           },[0m
           "nestedEmpty": {[0m
                "a": {[0m
[32m+                    "b": "value",[0m
                },[0m
           },[0m
           "self": [Circular],[0m
[32m+          "newProp": "New Value",[0m
      },[0m
[32m+     "newProp": "New Value",[0m
}[0m
\`\`\`"
`;

exports[`toDiffString outputs with defaults 1`] = `
"{[0m
   "id": 123,[0m
[31m-  "name": "Alice",[0m
[33m!  "name": "Alice Johnson",[0m
   "email": "alice@example.com",[0m
[31m-  "password": "*****",[0m
[33m!  "password": "*****",[0m
   "preferences": {[0m
[31m-    "theme": "dark",[0m
[33m!    "theme": "light",[0m
[31m-    "notifications": true,[0m
[33m!    "notifications": false,[0m
     "layout": [[0m
[31m-      0: "grid",[0m
[33m!      0: "list",[0m
[31m-      1: "compact",[0m
     ],[0m
[32m+    "newFeature": true,[0m
   },[0m
   "metadata": Map (4) {[0m
[31m-    {"complex":"key"}: "value",[0m
[33m!    {"complex":"key"}: "newValue",[0m
[31m-    "role": "admin",[0m
[33m!    "role": "user",[0m
     "permissions": Set [[0m
       "read",[0m
[31m-      "write",[0m
       "execute",[0m
     ],[0m
[32m+    "createdAt": 1709294400000,[0m
   },[0m
   "tags": Set [[0m
     "user",[0m
[31m-    "active",[0m
[32m+    "inactive",[0m
[32m+    "premium",[0m
   ],[0m
[31m-  "lastLogin": 1709294400000,[0m
[33m!  "lastLogin": 1711096200000,[0m
   "custom": {[0m
[31m-    "key": "value",[0m
[33m!    "key": "modified",[0m
   },[0m
   "emptyArray": [[0m
[32m+    0: "unexpected",[0m
   ],[0m
   "emptyObject": {[0m
[32m+    "newKey": "new",[0m
   },[0m
   "nestedEmpty": {[0m
     "a": {[0m
[32m+      "b": "value",[0m
     },[0m
   },[0m
   "self": {[0m
     "id": 123,[0m
[31m-    "name": "Alice",[0m
[33m!    "name": "Alice Johnson",[0m
     "email": "alice@example.com",[0m
[31m-    "password": "*****",[0m
[33m!    "password": "*****",[0m
     "preferences": {[0m
[31m-      "theme": "dark",[0m
[33m!      "theme": "light",[0m
[31m-      "notifications": true,[0m
[33m!      "notifications": false,[0m
       "layout": [[0m
[31m-        0: "grid",[0m
[33m!        0: "list",[0m
[31m-        1: "compact",[0m
       ],[0m
[32m+      "newFeature": true,[0m
     },[0m
     "metadata": Map (4) {[0m
[31m-      {"complex":"key"}: "value",[0m
[33m!      {"complex":"key"}: "newValue",[0m
[31m-      "role": "admin",[0m
[33m!      "role": "user",[0m
       "permissions": Set [[0m
         "read",[0m
[31m-        "write",[0m
         "execute",[0m
       ],[0m
[32m+      "createdAt": 1709294400000,[0m
     },[0m
     "tags": Set [[0m
       "user",[0m
[31m-      "active",[0m
[32m+      "inactive",[0m
[32m+      "premium",[0m
     ],[0m
[31m-    "lastLogin": 1709294400000,[0m
[33m!    "lastLogin": 1711096200000,[0m
     "custom": {[0m
[31m-      "key": "value",[0m
[33m!      "key": "modified",[0m
     },[0m
     "emptyArray": [[0m
[32m+      0: "unexpected",[0m
     ],[0m
     "emptyObject": {[0m
[32m+      "newKey": "new",[0m
     },[0m
     "nestedEmpty": {[0m
       "a": {[0m
[32m+        "b": "value",[0m
       },[0m
     },[0m
     "self": [Circular],[0m
[32m+    "newProp": "New Value",[0m
   },[0m
[32m+  "newProp": "New Value",[0m
}[0m"
`;

exports[`toDiffString outputs without color 1`] = `
"{
   "id": 123,
-  "name": "Alice",
!  "name": "Alice Johnson",
   "email": "alice@example.com",
-  "password": "*****",
!  "password": "*****",
   "preferences": {
-    "theme": "dark",
!    "theme": "light",
-    "notifications": true,
!    "notifications": false,
     "layout": [
-      0: "grid",
!      0: "list",
-      1: "compact",
     ],
+    "newFeature": true,
   },
   "metadata": Map (4) {
-    {"complex":"key"}: "value",
!    {"complex":"key"}: "newValue",
-    "role": "admin",
!    "role": "user",
     "permissions": Set [
       "read",
-      "write",
       "execute",
     ],
+    "createdAt": 1709294400000,
   },
   "tags": Set [
     "user",
-    "active",
+    "inactive",
+    "premium",
   ],
-  "lastLogin": 1709294400000,
!  "lastLogin": 1711096200000,
   "custom": {
-    "key": "value",
!    "key": "modified",
   },
   "emptyArray": [
+    0: "unexpected",
   ],
   "emptyObject": {
+    "newKey": "new",
   },
   "nestedEmpty": {
     "a": {
+      "b": "value",
     },
   },
   "self": {
     "id": 123,
-    "name": "Alice",
!    "name": "Alice Johnson",
     "email": "alice@example.com",
-    "password": "*****",
!    "password": "*****",
     "preferences": {
-      "theme": "dark",
!      "theme": "light",
-      "notifications": true,
!      "notifications": false,
       "layout": [
-        0: "grid",
!        0: "list",
-        1: "compact",
       ],
+      "newFeature": true,
     },
     "metadata": Map (4) {
-      {"complex":"key"}: "value",
!      {"complex":"key"}: "newValue",
-      "role": "admin",
!      "role": "user",
       "permissions": Set [
         "read",
-        "write",
         "execute",
       ],
+      "createdAt": 1709294400000,
     },
     "tags": Set [
       "user",
-      "active",
+      "inactive",
+      "premium",
     ],
-    "lastLogin": 1709294400000,
!    "lastLogin": 1711096200000,
     "custom": {
-      "key": "value",
!      "key": "modified",
     },
     "emptyArray": [
+      0: "unexpected",
     ],
     "emptyObject": {
+      "newKey": "new",
     },
     "nestedEmpty": {
       "a": {
+        "b": "value",
       },
     },
     "self": [Circular],
+    "newProp": "New Value",
   },
+  "newProp": "New Value",
}"
`;
